C:/mingw64/bin/g++.exe 
: In file included 
from main.cpp:24:
At line:1 char:1
+ 
C:/mingw64/bin/g++.exe 
-std=c++17 main.cpp 
-IC:/SFML/include 
-LC:/SFM ...
+ ~~~~~~~~~~~~~~~~~~~~~
~~~~~~~~~~~~~~~~~~~~~~~
~~~~~~~~~~~~~~~~~~~~~~~
~~
    + CategoryInfo     
         : NotSpecifi  
  ed: (In file inclu   
 ded from main.cpp:    
24::String) [], Re    
moteException
    + FullyQualifiedEr 
   rorId : NativeComm  
  andError
 
sounds.h: In function 
'sf::SoundBuffer 
makeSoundBuffer(float, 
std::function<float(flo
at, float)>, float)':
sounds.h:24:22: 
warning: ignoring 
return value of 'bool s
f::SoundBuffer::loadFro
mSamples(const 
int16_t*, uint64_t, 
unsigned int, unsigned 
int, const std::vector<
sf::SoundChannel>&)', 
declared with 
attribute 'nodiscard' 
[-Wunused-result]
   24 |   buf.loadFromS
amples(s.data(), n, 1, 
SAMPLE_RATE, {sf::Sound
Channel::Mono});
      |   ~~~~~~~~~~~~~
~~~~~~^~~~~~~~~~~~~~~~~
~~~~~~~~~~~~~~~~~~~~~~~
~~~~~~~~~~~~~~~
In file included from C
:/SFML/include/SFML/Aud
io.hpp:37,
                 from 
main.cpp:2:
C:/SFML/include/SFML/Au
dio/SoundBuffer.hpp:210
:24: note: declared 
here
  210 |     
[[nodiscard]] bool 
loadFromSamples(const 
std::int16_t*          
    samples,
      |                
        ^~~~~~~~~~~~~~~
sounds.h: In function 
'sf::SoundBuffer 
makeWinSound()':
sounds.h:88:22: 
warning: ignoring 
return value of 'bool s
f::SoundBuffer::loadFro
mSamples(const 
int16_t*, uint64_t, 
unsigned int, unsigned 
int, const std::vector<
sf::SoundChannel>&)', 
declared with 
attribute 'nodiscard' 
[-Wunused-result]
   88 |   buf.loadFromS
amples(s.data(), 
total, 1, SAMPLE_RATE, 
{sf::SoundChannel::Mono
});
      |   ~~~~~~~~~~~~~
~~~~~~^~~~~~~~~~~~~~~~~
~~~~~~~~~~~~~~~~~~~~~~~
~~~~~~~~~~~~~~~~~~~
C:/SFML/include/SFML/Au
dio/SoundBuffer.hpp:210
:24: note: declared 
here
  210 |     
[[nodiscard]] bool 
loadFromSamples(const 
std::int16_t*          
    samples,
      |                
        ^~~~~~~~~~~~~~~
